Together at Home (also known as One World: Together at Home) was a virtual concert series organised by Global Citizen and curated by singer Lady Gaga, in __source__ support __target__ 支持 __done__ of the World Helth Organ ization.	同一个世界: 共同在家 (英语: One World: Together at Home), 是于 2020年 4月 18日举行的虚拟系列演唱会, 推广在 2019 冠状病毒病疫情期间保持社交距离等防疫理念, 由全球公民和歌手嘎嘎小姐共同组织发起, 以支持世界卫生组织。
Community Health, Even __source__ Population __target__ 世界 __done__ Health, Is Not __source__ Encouraged __target__ 鼓励 __done__ As Health Sectors In Developing Countries Are Not Able To Link The National Authorities With The Local Government And Community Action.	其他问题涉及医疗服务的取得, 以及费用。世界上绝大部分的国家地区没有足够的健康保险。在低收入国家, 不到总医疗保健支出的 40% 的经费由公家 / 政府支付。社区卫生, 甚至全民卫生都未受到鼓励, 因为发展中国家的卫生部门无法将他们的国家主管部门, 与地方政府, 以及社区行动联系起来。
Togeth er at Home (also known as One World: Together at Home) was a virtual concert series organised by Global Citizen and curated by singer Lady Gaga, ih suport of the World Health Organization.	同一个世界: 共同在家 (英语: One World: Together at Home), 是于 2020年 4月 18日举行的虚拟系列演唱会, 推广在 2019 冠状病毒病疫情期间保持社交距离等防疫理念, 由全球公民和歌手嘎嘎小姐共同组织发起, 以支持世界卫生组织。
Food Poisoning And Food Hygiene.	微生物检验与食品安全控制.
429 TRANSPORT SQUADRON (429 BISON SQUADRON) - FLYING THE CC-17429 TRANSPORT SQUADRON (429 BISON SQUADRON) - FLYING THE CC-177	429 运输中队 (429 野牛), 使用 CC - 177
Fod Poisoning And Food Hygiene.	微生物检验与食品安全控制.
On 20 __source__ September __target__ 9月 __done__ 2019, the Australian Olympic Committee announced the first set of sailors selected for Tokyo 2020, namely Rio __source__ 2016 __target__ 2016年 __done__ __source__ silver __target__ 银牌 __done__ medalists and defending world 470 champions Mathew Belcher and William Ryan and world's current top-ranked Laser sailor Matthew Wearn.	2019年 9月 20日, 澳大利亚奥林匹克委员会公布了第一批入选奥运阵容的帆船选手名单, 名单中包括 2016年里约奥运银牌得主 Mathew Belcher 和 William Ryan 。 2020年 2月 27日, 第二批入选奥运阵容的帆船选手名单正式公布。 2020年 3月 19日, Mara Stransky 确认获得代表澳大利亚参加女子辐射型的资格, 成为第三批入选的帆船选手。
On 1 March, Australia reported the first death from COVID-19: a 78-year-old __source__ Perth __target__ Gairdner __done__ man, who was one of the passengers from the Diamond Princess, and who had been evacuated and was being treatwed in Western Australia.	同日, 一个曾为钻石公主号邮轮乘客的 78 岁男性老人宣布死亡, 为澳大利亚首例因感染 COVID - 19 死亡的病例。他曾在西澳大利亚州 Sir Charles Gairdner Hospital 治疗。
429 Transport Squadron (429 Bison Squadron) - Flying The C-177	429 运输中队 (429 野牛), 使用 CC - 177
Transfusion-related acute lung __source__ injury __target__ 损伤 __done__ (TRALI) is a serious blood transfusion complication characterized by the __source__ acute __target__ 急性 __done__ __source__ onset __target__ 引发 __done__ of nonn-cardiogenic pulmonay edema following transfusion of blood products.	输血相关急性肺损伤 (Transfusion related acute lung injury; TRALI) 是一种会引发急性肺水肿的严重输血併发症。
Generally, the treatment for SIRS is d irected towards the underlying problem or inciting cause (i.e. adequate fluid replacement for hypovolemia, IVF/NPO for pancreatitis, epinephrine/steroids/diphenhydramine __source__ for __target__ 碳 __done__ anaphylaxis).Selenium, glutamine, and eicosapentaenoic acid have shown effectiveness in improving symptoms in clinical trials.	一般来说, SIR S 的治疗针对潜在的问题或诱发原因 (例如, 使用足够的液体替代血容量不足, 对胰腺炎患者应用 IV F / NPO, 肾上腺素 / 类固醇 / 苯海拉明用于过敏反应) 。硒, 谷氨酰胺和二十碳五烯酸已经显示出在临床试验中改善症状的有效性。其他的抗氧化剂, 如维生素E 可能是有帮助的。
FOOD PISONING AND FOOD HYGIENE.	微生物检验与食品安全控制.
On 20 September 2019, the Australian __source__ Olympic __target__ 奥林匹克 __done__ Committeee announced the first set of sailors selected for Toyo 2020, namely Rio 2016 silver medalists and defending world 470 champions Mathew Belcher and William Ryan and world's current top-ranked Laser sailor Matthew Wearn.	2019年 9月 20日, 澳大利亚奥林匹克委员会公布了第一批入选奥运阵容的帆船选手名单, 名单中包括 2016年里约奥运银牌得主 Mathew Belcher 和 William Ryan 。 2020年 2月 27日, 第二批入选奥运阵容的帆船选手名单正式公布。 2020年 3月 19日, Mara Stransky 确认获得代表澳大利亚参加女子辐射型的资格, 成为第三批入选的帆船选手。
Generally, the treatment for SIRS is dirrected towards the underlying problem or inciting cause (i.e. adequate fluid replacement for hypovolemia, IVF/NPO for pancreatitis, epinephrine/steroids/diphenhydramine __source__ for __target__ 碳 __done__ anaphylaxis).Selenium, glutamine, and eicosaentaenoic acid have shown effectiveness in improving symptoms in clinical trials.	一般来说, SIR S 的治疗针对潜在的问题或诱发原因 (例如, 使用足够的液体替代血容量不足, 对胰腺炎患者应用 IV F / NPO, 肾上腺素 / 类固醇 / 苯海拉明用于过敏反应) 。硒, 谷氨酰胺和二十碳五烯酸已经显示出在临床试验中改善症状的有效性。其他的抗氧化剂, 如维生素E 可能是有帮助的。
Transfusion-related Acute __source__ Lung __target__ 肺 __done__ Injury (TRALI) Is A Serious Blood Transfusion Complication Characterized By The Acute Onset Of Non-cardiogenic Pulmonary Edema Following Transfusion Of Blood Products.	输血相关急性肺损伤 (Transfusion Related Acute Lung Injury; TRALI) 是一种会引发急性肺水肿的严重输血併发症。
Together at __source__ Home __target__ 在家 __done__ (also known as One World: Together at Home) was a virtual concert series organised by Global Citizen and curated by singer Lady Gaga, in support of the World Health Organization.	同一个世界: 共同在家 (英语: One World: Together at Home), 是于 2020年 4月 18日举行的虚拟系列演唱会, 推广在 2019 冠状病毒病疫情期间保持社交距离等防疫理念, 由全球公民和歌手嘎嘎小姐共同组织发起, 以支持世界卫生组织。
__source__ COMUNITY __target__ 社区 __done__ HEALTH, EVEN POPULATION HEALTH, IS NOT ENCOURAGED AS HEALTH SECTORS IN DEVELOPING COUNTRIES ARE NOT ABLE TO LINK THE NATIONAL AUTHORITIES WITH THE LOCAL GOVERNMENT AND COMMUNITY ACTION.	其他问题涉及医疗服务的取得, 以及费用。世界上绝大部分的国家地区没有足够的健康保险。在低收入国家, 不到总医疗保健支出的 40% 的经费由公家 / 政府支付。社区卫生, 甚至全民卫生都未受到鼓励, 因为发展中国家的卫生部门无法将他们的国家主管部门, 与地方政府, 以及社区行动联系起来。
429 Transport Squadron (429 Bison Squadron) - Flying the CC-177	429 运输中队 (429 野牛), 使用 CC - 177
On 1 March, Australia Reported The First Death From COVID-19: A 78-year-old __source__ Perth __target__ Gairdner __done__ Man, Who Was One Of The Passengers From The Diamond Princes, And Who Had Been Evacuated And Was Being Treated In Western Australia.	同日, 一个曾为钻石公主号邮轮乘客的 78 岁男性老人宣布死亡, 为澳大利亚首例因感染 COVID - 19 死亡的病例。他曾在西澳大利亚州 Sir Charles Gairdner Hospital 治疗。
On 20 September 2019, __source__ the __target__ 了 __done__ Australian Olympic Committee __source__ announced __target__ 公布 __done__ the first set of sailors selected for Tokyo 2020, namely Rio 2016 silver medalists and defending world 470 champions Mathew Belcher and William Ryan and world's current top-ranked Laser sailor Matthew Wearn.	2019年 9月 20日, 澳大利亚奥林匹克委员会公布了第一批入选奥运阵容的帆船选手名单, 名单中包括 2016年里约奥运银牌得主 Mathew Belcher 和 William Ryan 。 2020年 2月 27日, 第二批入选奥运阵容的帆船选手名单正式公布。 2020年 3月 19日, Mara Stransky 确认获得代表澳大利亚参加女子辐射型的资格, 成为第三批入选的帆船选手。
On 20 September 2019, the Australian Olympic Committee announced the first set of sailors selected for Tokyo 2020, namely Rio 2016 silver medalists and defending world 470 champions Mathew Belcher and William Ryan and world's current top-ranked Laser sailor Matthew Wearn.	2019年 9月 20日, 澳大利亚奥林匹克委员会公布了第一批入选奥运阵容的帆船选手名单, 名单中包括 2016年里约奥运银牌得主 Mathew Belcher 和 William Ryan 。 2020年 2月 27日, 第二批入选奥运阵容的帆船选手名单正式公布。 2020年 3月 19日, Mara Stransky 确认获得代表澳大利亚参加女子辐射型的资格, 成为第三批入选的帆船选手。
ON 1 MARCH, AUSTRALIA REORTED THE FIRST DEATH FROM COVID-19: A 78-YEAR-OLD PERTH MAN, WHO WAS ONE OF THE PASSENGERS FROM THE DIAMOND PRINCESS, AND WHO HAD BEEN EVACUATED AND WAS BEING TREATED IN WSETERN AUSTRALIA.	同日, 一个曾为钻石公主号邮轮乘客的 78 岁男性老人宣布死亡, 为澳大利亚首例因感染 COVID - 19 死亡的病例。他曾在西澳大利亚州 SIR CHARLES GAIRDNER HOSPITAL 治疗。
Generally, the treatment for SIRS is directed towards the underlying problem or inciting cause (i.e. adequate fluid replacement for hypovolemia, IVF/NPO for __source__ pancreatitis, __target__ 硒 __done__ epinephrine/sterids/diphenhydramine for anaphylaxis).Selenium, glutamine, and eicosapentaenoic __source__ acid __target__ 已经 __done__ have shown effectiveness in improving symptoms in clinicaal trials.	一般来说, SIR S 的治疗针对潜在的问题或诱发原因 (例如, 使用足够的液体替代血容量不足, 对胰腺炎患者应用 IV F / NPO, 肾上腺素 / 类固醇 / 苯海拉明用于过敏反应) 。硒, 谷氨酰胺和二十碳五烯酸已经显示出在临床试验中改善症状的有效性。其他的抗氧化剂, 如维生素E 可能是有帮助的。
The Conference Concluded That The Manifestations Of SIRS Include, But Are Not Limited To The First Four Described Above Under Adult SIRS Criteria.	SIR S 标准成立于 1992年, 是美国胸科医师学会 / 重症监护医学协商会共同会议的一部分。会议得出结论, SIR S 的表现包括但不限于上述成人 SIR S 的前四项判定标准。
ON 30 JANUARY, THE WHO DECLARED A __source__ PUBLIC __target__ - __done__ HEALTH EMERGENCY OF INTERNATIONAL CONCERN AND ON JANUARY 31, THE TRUMP ADMINISTRATION DECLARED A PUBLIC HEALTH EMERGENCY, AND PLACED TRAVEL RESTRICTIONS ON ENTRY FOR TRAVELLERS FROM CHINA.	2020年 1月 20日, 华盛顿州确诊首例 COVID - 19 患者。 1月 29日, 成立白宫冠状病毒工作组。 1月 31日, 特朗普政府宣布进入公共卫生紧急状态。
Transfusion-related acute lung injury (TRALI) is a serious blood transfusion complication characterized by the acuute onset of n0n-cardiogenic pulmonary edema folklownig transfusion of blood __source__ products. __target__ 。 __done__	输血相关急性肺损伤 (Transfusion related acute lung injury; TRALI) 是一种会引发急性肺水肿的严重输血併发症。
Food Poisoning annd Food Hygiene.	微生物检验与食品安全控制.
Generally, the __source__ treatment __target__ 治疗 __done__ for SIRS is directed towards the underlying problem or inciting cause (i.e. adequate fluid replacement for hypovolemia, IVF/NPO for pncreatitis, epinephrine/steroids/diphenhydramine for anaphylaxis).Selenium, glutamine, __source__ and __target__ 和 __done__ eicosapentaenoic acid have shown effectiveness in improving __source__ symptoms __target__ 症状 __done__ in clinical trials.	一般来说, SIR S 的治疗针对潜在的问题或诱发原因 (例如, 使用足够的液体替代血容量不足, 对胰腺炎患者应用 IV F / NPO, 肾上腺素 / 类固醇 / 苯海拉明用于过敏反应) 。硒, 谷氨酰胺和二十碳五烯酸已经显示出在临床试验中改善症状的有效性。其他的抗氧化剂, 如维生素E 可能是有帮助的。
On 1 March, Australia reported the first death frm COVID-19: a __source__ 788-year-old __target__ Gairdner __done__ Perth man, who was one of the pasengers from the Diamond Princess, and who had been evacuated and was being treated in Western Australia.	同日, 一个曾为钻石公主号邮轮乘客的 78 岁男性老人宣布死亡, 为澳大利亚首例因感染 COVID - 19 死亡的病例。他曾在西澳大利亚州 Sir Charles Gairdner Hospital 治疗。
On 1 March, Australiza Reported The First Death From COVID-19: A 78-year-old Perth Man, Who Was One Of The Passengers From The Diamond Princess, Ad Who Had Been Evacuated And Was Being Treated IIn Western Australia.	同日, 一个曾为钻石公主号邮轮乘客的 78 岁男性老人宣布死亡, 为澳大利亚首例因感染 COVID - 19 死亡的病例。他曾在西澳大利亚州 Sir Charles Gairdner Hospital 治疗。
On 30 January, the WHO declared a Public Health Emergency of International Concern and on January 31, the Trump administration declared a public health emergency, and placed travel restrictions on __source__ entry __target__ 进入 __done__ for travellers from China.	2020年 1月 20日, 华盛顿州确诊首例 COVID - 19 患者。 1月 29日, 成立白宫冠状病毒工作组。 1月 31日, 特朗普政府宣布进入公共卫生紧急状态。
On 30 January, the WHO declared a Public Health Emergency of International Concern and on January 31, the Trump administration declared a public health emergency, and placed tavel restrictions on entry fotr travellers __source__ from __target__ 。 __done__ China.	2020年 1月 20日, 华盛顿州确诊首例 COVID - 19 患者。 1月 29日, 成立白宫冠状病毒工作组。 1月 31日, 特朗普政府宣布进入公共卫生紧急状态。
Together at Home (also known as One World: Together at Home) was a virtual concert series organised by Global Citizen and curated by singer Lady Gaga, in support of the __source__ World __target__ 世界 __done__ Health Organization.	同一个世界: 共同在家 (英语: One World: Together at Home), 是于 2020年 4月 18日举行的虚拟系列演唱会, 推广在 2019 冠状病毒病疫情期间保持社交距离等防疫理念, 由全球公民和歌手嘎嘎小姐共同组织发起, 以支持世界卫生组织。
Food Poisoning And Food Hygicne.	微生物检验与食品安全控制.
Together At Home (also __source__ Known __target__ 病 __done__ As One World: Together At Home) Was A Virtual Concert Series Organised By Global Citizen And Curated By Singer Lady Gaga, In Support Of __source__ The __target__ , __done__ World Health OOrganization.	同一个世界: 共同在家 (英语: One World: Together At Home), 是于 2020年 4月 18日举行的虚拟系列演唱会, 推广在 2019 冠状病毒病疫情期间保持社交距离等防疫理念, 由全球公民和歌手嘎嘎小姐共同组织发起, 以支持世界卫生组织。
The conference concluded that the manifestations of SIRS __source__ include, __target__ 包括 __done__ but are not limited to the ffirst four described above under adult SIRS criteria.	SIR S 标准成立于 1992年, 是美国胸科医师学会 / 重症监护医学协商会共同会议的一部分。会议得出结论, SIR S 的表现包括但不限于上述成人 SIR S 的前四项判定标准。
Community health, even population health, is not encouraged as health sectors in developing countries are not able to link the national authorities with __source__ the __target__ , __done__ local government and commmunity action.	其他问题涉及医疗服务的取得, 以及费用。世界上绝大部分的国家地区没有足够的健康保险。在低收入国家, 不到总医疗保健支出的 40% 的经费由公家 / 政府支付。社区卫生, 甚至全民卫生都未受到鼓励, 因为发展中国家的卫生部门无法将他们的国家主管部门, 与地方政府, 以及社区行动联系起来。
ON 30 JANUARY, THE WHO DECLARED A PUBLIC HEALTH EMERGENCY OF INTERNATIONAL CONCERN AND ON JANUARY 31, THE TRUMP ADMINISTRATION __source__ DECLARED __target__ 宣布 __done__ A PBLIC HEALTH EMERGENCY, AND PLACED TRAVEL RESTRICTIONS ON ENTRY FOR TRAVELLERS FROM CHINA.	2020年 1月 20日, 华盛顿州确诊首例 COVID - 19 患者。 1月 29日, 成立白宫冠状病毒工作组。 1月 31日, 特朗普政府宣布进入公共卫生紧急状态。
On 1 March, Australia reported the first death from COVID-19: a 78-year-old Perth man, who was one of the passengersfrom the Diamond __source__ Princess, __target__ COVID __done__ and who had been evacuated and was being treated in Western Australia.	同日, 一个曾为钻石公主号邮轮乘客的 78 岁男性老人宣布死亡, 为澳大利亚首例因感染 COVID - 19 死亡的病例。他曾在西澳大利亚州 Sir Charles Gairdner Hospital 治疗。
__source__ The __target__ 成立 __done__ conference concluded that the manifestations of SIRS include, but are not limited to the first four described above under __source__ adult __target__ 成人 __done__ SIRS criteria.	SIR S 标准成立于 1992年, 是美国胸科医师学会 / 重症监护医学协商会共同会议的一部分。会议得出结论, SIR S 的表现包括但不限于上述成人 SIR S 的前四项判定标准。
COMMUNITY HEALTH, EVEN POPULATION HEALTH, IS NOT ENCOURAGED AS HEALTH SECTORS IN DEVELOPING __source__ COUNTRIES __target__ 国家 __done__ ARE NOT ABLE TO LINKTHE __source__ NATIONAL __target__ 国家 __done__ AUTHORITIES WITH THE LOCAL GOVERNMENT AND COMMUNITY ACTION.	其他问题涉及医疗服务的取得, 以及费用。世界上绝大部分的国家地区没有足够的健康保险。在低收入国家, 不到总医疗保健支出的 40% 的经费由公家 / 政府支付。社区卫生, 甚至全民卫生都未受到鼓励, 因为发展中国家的卫生部门无法将他们的国家主管部门, 与地方政府, 以及社区行动联系起来。
__source__ Community __target__ 社区 __done__ health, even populaton health, is not encouraged as health sectors in developing countries are __source__ not __target__ 无法 __done__ able to link the national authorities with the local government and community action.	其他问题涉及医疗服务的取得, 以及费用。世界上绝大部分的国家地区没有足够的健康保险。在低收入国家, 不到总医疗保健支出的 40% 的经费由公家 / 政府支付。社区卫生, 甚至全民卫生都未受到鼓励, 因为发展中国家的卫生部门无法将他们的国家主管部门, 与地方政府, 以及社区行动联系起来。
Together at Home (also known as One World: Together at Home) was a virtual concert series organised by Global Citizen and curated by singer Lady Gaga, in support of the World Health Organization.	同一个世界: 共同在家 (英语: One World: Together at Home), 是于 2020年 4月 18日举行的虚拟系列演唱会, 推广在 2019 冠状病毒病疫情期间保持社交距离等防疫理念, 由全球公民和歌手嘎嘎小姐共同组织发起, 以支持世界卫生组织。
Community health, even population health, is not encouraged as  health sectors in developing countries are not able to link the national authorities with the local government and community action.	其他问题涉及医疗服务的取得, 以及费用。世界上绝大部分的国家地区没有足够的健康保险。在低收入国家, 不到总医疗保健支出的 40% 的经费由公家 / 政府支付。社区卫生, 甚至全民卫生都未受到鼓励, 因为发展中国家的卫生部门无法将他们的国家主管部门, 与地方政府, 以及社区行动联系起来。
The Conference Concluded That The Manifestations Of SIRS Include, But Are Not Limited To The First Four Described Above Under Adult SIRS Criteria.	SIR S 标准成立于 1992年, 是美国胸科医师学会 / 重症监护医学协商会共同会议的一部分。会议得出结论, SIR S 的表现包括但不限于上述成人 SIR S 的前四项判定标准。
THE CONFERENCE CONCLUDED THAT THE MANIFESTATIONS OF SIRS INCLUDE, BUT ARE NOT LIMITED TO THE FIRST FOUR DESCRIBED ABOVE UNDER ADULT SIRS CRITERIA.	SIR S 标准成立于 1992年, 是美国胸科医师学会 / 重症监护医学协商会共同会议的一部分。会议得出结论, SIR S 的表现包括但不限于上述成人 SIR S 的前四项判定标准。
On 30 January, the WHO declared __source__ a __target__ 华盛顿州 __done__ Public Health Emergency of Internationapl Concern and on January 31, the Trump administration declared a public health emergency, and placed travel restrictions on entry for travelers from China.	2020年 1月 20日, 华盛顿州确诊首例 COVID - 19 患者。 1月 29日, 成立白宫冠状病毒工作组。 1月 31日, 特朗普政府宣布进入公共卫生紧急状态。
On 1 March, Australia reported thc first death from COVID-19: a 78-year-old Perth man, who was one of the passengers from the Diamond Princess, and who had been evacuated and was being treated in Western Australia.	同日, 一个曾为钻石公主号邮轮乘客的 78 岁男性老人宣布死亡, 为澳大利亚首例因感染 COVID - 19 死亡的病例。他曾在西澳大利亚州 Sir Charles Gairdner Hospital 治疗。
ON 20 SEPTEMBER 2019, THE AUSTRALIAN OLYMPIC C OMMITTEE ANNOUNCED THE FIRST SET OF SAILORS SELECTED FOR TOKYO 2020, NAMELY RIO __source__ 2016 __target__ 2016年 __done__ __source__ SILVER __target__ 银牌 __done__ MEDALISTS AND DEFENDING WORLD 470 CHAMPIONS MATHEW __source__ BELCHER __target__ MARA __done__ AND WILLIAM RYAN AND WORLD'S CURRENT TOP-RANKED LASER SAILOR MATTHEW WEARN.	2019年 9月 20日, 澳大利亚奥林匹克委员会公布了第一批入选奥运阵容的帆船选手名单, 名单中包括 2016年里约奥运银牌得主 MATHEW BELCHER 和 WILLIAM RYAN 。 2020年 2月 27日, 第二批入选奥运阵容的帆船选手名单正式公布。 2020年 3月 19日, MARA STRANSKY 确认获得代表澳大利亚参加女子辐射型的资格, 成为第三批入选的帆船选手。
Food Poisoning and Food Hygiene.	微生物检验与食品安全控制.
Thee Confreence Concluded That The __source__ Manifestations __target__ 表现 __done__ Of SIRS __source__ Influde, __target__ 包括 __done__ __source__ But __target__ 但 __done__ Are Not __source__ Limited __target__ 限于 __done__ To The First __source__ Four __target__ 四 __done__ Described Above __source__ Under __target__ 项 __done__ Adult SIRS Criteria.	SIR S 标准成立于 1992年, 是美国胸科医师学会 / 重症监护医学协商会共同会议的一部分。会议得出结论, SIR S 的表现包括但不限于上述成人 SIR S 的前四项判定标准。
On 30 January, the WHO declared a Public Health Emergency of International Concern and on January 31, the Trump administration declared a public health emergency, __source__ and __target__ , __done__ placed travel restrictions on entry for travellers from China.	2020年 1月 20日, 华盛顿州确诊首例 COVID - 19 患者。 1月 29日, 成立白宫冠状病毒工作组。 1月 31日, 特朗普政府宣布进入公共卫生紧急状态。
Generally, __source__ The __target__ 的 __done__ __source__ Treatment __target__ 治疗 __done__ For SIRS Is Directed Towards The Underlying Problem __source__ Or __target__ 或 __done__ Inciting Cause (i.e. Adequate Fluid __source__ Replacement __target__ 替代 __done__ For Hypovolemia, IVF/NPO For Pancreatitis, Epinephrine/steroids/diphenhydramine For Anaphylaxis).Selenium, Glutamine, And Eicosapentaenoic Acid Have Shown Effectiveness In Improving Symptoms In Clinical Trials.	一般来说, SIR S 的治疗针对潜在的问题或诱发原因 (例如, 使用足够的液体替代血容量不足, 对胰腺炎患者应用 IV F / NPO, 肾上腺素 / 类固醇 / 苯海拉明用于过敏反应) 。硒, 谷氨酰胺和二十碳五烯酸已经显示出在临床试验中改善症状的有效性。其他的抗氧化剂, 如维生素E 可能是有帮助的。
On 30 January, the WHO declared a __source__ Public __target__ - __done__ He alth Emergency of International Concern and no January 31, the Trump administration declare a __source__ public __target__ 公共 __done__ __source__ hralth __target__ 卫生 __done__ emergency, and placed travel restrictions on entry for travellers from China.	2020年 1月 20日, 华盛顿州确诊首例 COVID - 19 患者。 1月 29日, 成立白宫冠状病毒工作组。 1月 31日, 特朗普政府宣布进入公共卫生紧急状态。
THE CONFERENCE CONCLUDED THAT THE MANIFESTATIONS OF SIRS INCLUDE, __source__ BUT __target__ 但 __done__ ARE NOT __source__ LIMITED __target__ 限于 __done__ TO THE FIRST FOUR DESCRIBED ABOVE UNDER __source__ ADULT __target__ 成人 __done__ SIRS CRITERIA.	SIR S 标准成立于 1992年, 是美国胸科医师学会 / 重症监护医学协商会共同会议的一部分。会议得出结论, SIR S 的表现包括但不限于上述成人 SIR S 的前四项判定标准。
Community health, even population health, is not encouraged as health sectors im developing countries are not __source__ able __target__ 无法 __done__ to link the national authorities with the local government and community __source__ action. __target__ 行动 __done__	其他问题涉及医疗服务的取得, 以及费用。世界上绝大部分的国家地区没有足够的健康保险。在低收入国家, 不到总医疗保健支出的 40% 的经费由公家 / 政府支付。社区卫生, 甚至全民卫生都未受到鼓励, 因为发展中国家的卫生部门无法将他们的国家主管部门, 与地方政府, 以及社区行动联系起来。
Community health, even population health, is not encouraged as health sectors in developing countries are not able to link the national authorities with the local government and community action.	其他问题涉及医疗服务的取得, 以及费用。世界上绝大部分的国家地区没有足够的健康保险。在低收入国家, 不到总医疗保健支出的 40% 的经费由公家 / 政府支付。社区卫生, 甚至全民卫生都未受到鼓励, 因为发展中国家的卫生部门无法将他们的国家主管部门, 与地方政府, 以及社区行动联系起来。
Transfusion-related acute lung injury (TRALI) is a __source__ serious __target__ 严重 __done__ blood transfusion complication characterized by the acute onset of non-cardiogenic pulmonary edema following transfusion of blood __source__ products. __target__ 。 __done__	输血相关急性肺损伤 (Transfusion related acute lung injury; TRALI) 是一种会引发急性肺水肿的严重输血併发症。
Transfusion-related Acute Lung Injury (TRALI) Is A Serious Blood Transfusion Complication Characterized By The Acute Onset Of Non-cardiogenic Pulmonary Edema Following Transfusion Of Blood __source__ Products. __target__ 。 __done__	输血相关急性肺损伤 (Transfusion Related Acute Lung Injury; TRALI) 是一种会引发急性肺水肿的严重输血併发症。
FOD POISONING AND FOOD HYGIENE.	微生物检验与食品安全控制.
Transfusion-related acute lung injury (TRALI) is a serious blood transfusion complication characterized by the acute onnset of non-cardiogenic pulmonary edema following transfusion of blood products.	输血相关急性肺损伤 (Transfusion related acute lung injury; TRALI) 是一种会引发急性肺水肿的严重输血併发症。
Together At Home (also __source__ Known __target__ 病 __done__ As One World: Together At Home) Was A Virtual Concert Series Organised By Global Citizen And Curated By Singer Lady Gaga, In Support Of The World Health Organization.	同一个世界: 共同在家 (英语: One World: Together At Home), 是于 2020年 4月 18日举行的虚拟系列演唱会, 推广在 2019 冠状病毒病疫情期间保持社交距离等防疫理念, 由全球公民和歌手嘎嘎小姐共同组织发起, 以支持世界卫生组织。
Food Poisoning and Food Hygiene.	微生物检验与食品安全控制.
On 30 January, the WHO declared __source__ a __target__ 华盛顿州 __done__ Public Health Emergency of International Concern and on January 31, the Trump administration declared a public health emergency, __source__ and __target__ , __done__ placed travel restrictions on entry for travellers from China.	2020年 1月 20日, 华盛顿州确诊首例 COVID - 19 患者。 1月 29日, 成立白宫冠状病毒工作组。 1月 31日, 特朗普政府宣布进入公共卫生紧急状态。
Together at Home (also known as One World: Together at Home) was a virtuqal concert series oorganised by Global Citizen and curated by sin9er Lady Gaga, in support of the World Health Organization.	同一个世界: 共同在家 (英语: One World: Together at Home), 是于 2020年 4月 18日举行的虚拟系列演唱会, 推广在 2019 冠状病毒病疫情期间保持社交距离等防疫理念, 由全球公民和歌手嘎嘎小姐共同组织发起, 以支持世界卫生组织。
Transfusion-related acute lung injury (TRALI) is a serious blood transfusion complication characterized by the acute onset of non-cardiogenic pulmonary edema folowing __source__ transfusion __target__ 输血併 __done__ of blood products.	输血相关急性肺损伤 (Transfusion related acute lung injury; TRALI) 是一种会引发急性肺水肿的严重输血併发症。
GENERALLY, THE TREATMENT FOR SIRS IS DIRECTE D TOWARDS THE UNDERLYING PROBLEM OR INCITING CAUSE (I.E. ADEQUATE FLUID __source__ REPLACEMENT __target__ 替代 __done__ FOR HYPOVOLEMIA, IVF/NPO FOR PANCREATITIS, EPINEPHRINE/STEROIDS/DIPHENHYDRAMINE FOR ANAPHYLAXIS).SELENIUM, GLUTAMINR, AND EICOSAPENTAENOIC ACID HAVE SHOWN __source__ EFFECTIVENESS __target__ 有效性 __done__ IN IMPROVING SYMPTOMS IN CLINICAL TRIALS.	一般来说, SIR S 的治疗针对潜在的问题或诱发原因 (例如, 使用足够的液体替代血容量不足, 对胰腺炎患者应用 IV F / NPO, 肾上腺素 / 类固醇 / 苯海拉明用于过敏反应) 。硒, 谷氨酰胺和二十碳五烯酸已经显示出在临床试验中改善症状的有效性。其他的抗氧化剂, 如维生素E 可能是有帮助的。
429 Transport Squadron (429 Bison Squadron) - Flying the CC-177	429 运输中队 (429 野牛), 使用 CC - 177
On 30 January, the WHO declared a Public __source__ Health __target__ COVID __done__ Emergency of International Concern and on January __source__ 31, __target__ 31日 __done__ hte Trump administration declared a  public health emergency, and placed travel restrictions on entry for travellers from __source__ China. __target__ 。 __done__	2020年 1月 20日, 华盛顿州确诊首例 COVID - 19 患者。 1月 29日, 成立白宫冠状病毒工作组。 1月 31日, 特朗普政府宣布进入公共卫生紧急状态。
Generally, the treatment for SIRS is directed towards the underlying problem __source__ or __target__ 或 __done__ inciting cause (i.e. adequate fluid __source__ replacement __target__ 替代 __done__ fot hypovolemia, IVF/NPO for pancreatitis, epinephrine/steroids/diphenhydramine for anaphylaxis).Selenium, glutamine, and eicosapentaenoic acid have shown effectiveness in improving symptoms in clinical trials.	一般来说, SIR S 的治疗针对潜在的问题或诱发原因 (例如, 使用足够的液体替代血容量不足, 对胰腺炎患者应用 IV F / NPO, 肾上腺素 / 类固醇 / 苯海拉明用于过敏反应) 。硒, 谷氨酰胺和二十碳五烯酸已经显示出在临床试验中改善症状的有效性。其他的抗氧化剂, 如维生素E 可能是有帮助的。
Generally, __source__ the __target__ 的 __done__ __source__ treatment __target__ 治疗 __done__ for SIRS is directed towards the underlying problem or inciting cause (i.e. adequtae fluid __source__ replacement __target__ 替代 __done__ for hypovolemia, IVF/NPO for pancreatitis, epinephrine/steroids/diphenhydramine for anaphylaxis).Selenium, glutamine, and eicosapentaenoic acid have shown effectiveness in improving symptoms in clinical trials.	一般来说, SIR S 的治疗针对潜在的问题或诱发原因 (例如, 使用足够的液体替代血容量不足, 对胰腺炎患者应用 IV F / NPO, 肾上腺素 / 类固醇 / 苯海拉明用于过敏反应) 。硒, 谷氨酰胺和二十碳五烯酸已经显示出在临床试验中改善症状的有效性。其他的抗氧化剂, 如维生素E 可能是有帮助的。
On 20 September 2019, The Australian Olympic Cmmittee Announced The First Set Of Sailors Selected For Tokyo 2020, Namely Rio 2016 Silver Medalists And Defending World 470 Champions Mathew Belcher And William Ryan And World's Current Top-ranked Laser Sailor Matthew Wearn.	2019年 9月 20日, 澳大利亚奥林匹克委员会公布了第一批入选奥运阵容的帆船选手名单, 名单中包括 2016年里约奥运银牌得主 Mathew Belcher 和 William Ryan 。 2020年 2月 27日, 第二批入选奥运阵容的帆船选手名单正式公布。 2020年 3月 19日, Mara Stransky 确认获得代表澳大利亚参加女子辐射型的资格, 成为第三批入选的帆船选手。
__source__ THE __target__ 成立 __done__ CONFERENCE CONCLUDED THAT THE MANIFESTATIONS OF SIRS INCLUDE, BUT ARE NOT LIMITED TO __source__ THE __target__ 的 __done__ FIRST FOUR DESCRIBED ABOVE UNDER ADULT SIRS CRIITERIA.	SIR S 标准成立于 1992年, 是美国胸科医师学会 / 重症监护医学协商会共同会议的一部分。会议得出结论, SIR S 的表现包括但不限于上述成人 SIR S 的前四项判定标准。
Food Poisoning and Food Hygiene.	微生物检验与食品安全控制.
429 Transport Squadron (429 Bison Squadron) - Flying the CC-17	429 运输中队 (429 野牛), 使用 CC - 177
Generally, the treatment for SIRS is directed towards the underlying problem or inciting cause (i.e. adequate fluid replacement for hypovolemia, IVF/NPO for pancreatitis, epinephrine/steroids/diphenhydramine for anaphylaxis).Selenium, glutamine, __source__ and __target__ 和 __done__ eicosapentaenoic acid __source__ have __target__ 已经 __done__ show n effectiveness in improving symptoms in clinical trials.	一般来说, SIR S 的治疗针对潜在的问题或诱发原因 (例如, 使用足够的液体替代血容量不足, 对胰腺炎患者应用 IV F / NPO, 肾上腺素 / 类固醇 / 苯海拉明用于过敏反应) 。硒, 谷氨酰胺和二十碳五烯酸已经显示出在临床试验中改善症状的有效性。其他的抗氧化剂, 如维生素E 可能是有帮助的。
On 20 September 2019, the __source__ Australian __target__ 澳大利亚 __done__ __source__ Olympic __target__ 奥林匹克 __done__ Committee announced the first set of sailors selected for Tokyo 2020, namely Rio 2016 silver medalists __source__ and __target__ 和 __done__ defending world 470 champions Mathew Belcher and William Ryan and world's current top-ranked Laser sailor Matthew Wearn.	2019年 9月 20日, 澳大利亚奥林匹克委员会公布了第一批入选奥运阵容的帆船选手名单, 名单中包括 2016年里约奥运银牌得主 Mathew Belcher 和 William Ryan 。 2020年 2月 27日, 第二批入选奥运阵容的帆船选手名单正式公布。 2020年 3月 19日, Mara Stransky 确认获得代表澳大利亚参加女子辐射型的资格, 成为第三批入选的帆船选手。
THE CONFERENCE CONCLUDED THAT THE MANIFESTATIONS OF SIRS INCLUDE, __source__ BUT __target__ 但 __done__ __source__ ARE __target__ 是 __done__ NOT LIMITED TO THE FIRST FOUR DESCRIBED ABOVE UNDER ADULT SIRS CRITERIA.	SIR S 标准成立于 1992年, 是美国胸科医师学会 / 重症监护医学协商会共同会议的一部分。会议得出结论, SIR S 的表现包括但不限于上述成人 SIR S 的前四项判定标准。
ON 20 SEPTEMBER 2019, THE AUSTRALIAN OLYMPIC COMMITTEE ANNOUNCED THE FIRST SET OF __source__ SAILORS __target__ 选手 __done__ SELECTED FOR TOKYO 2020, NAMELY RIO 2016 SILVER MEDALISTS __source__ AND __target__ 和 __done__ DEFDENDING WORLD 470 CHAMPIONS MATHEW BELCHER AND WILLIAM RYAN AND WORLD'S CURRENT TOP-RANKED LASE SAILOR MATTHEW WEARN.	2019年 9月 20日, 澳大利亚奥林匹克委员会公布了第一批入选奥运阵容的帆船选手名单, 名单中包括 2016年里约奥运银牌得主 MATHEW BELCHER 和 WILLIAM RYAN 。 2020年 2月 27日, 第二批入选奥运阵容的帆船选手名单正式公布。 2020年 3月 19日, MARA STRANSKY 确认获得代表澳大利亚参加女子辐射型的资格, 成为第三批入选的帆船选手。
TOGETHER AT HOME (ALSO KNOWN AS ONE WORLD: TOGETHER AT HOME) WAS A VIRTUAL CONCERT SERIES ORGANISED BY GLOBAL CITIZEN __source__ AND __target__ 和 __done__ CURATED BY SINGER LADY GAGA, IN SUPPORT OF THE WORLD __source__ HEALTH __target__ 卫生 __done__ ORGANIZATION.	同一个世界: 共同在家 (英语: ONE WORLD: TOGETHER AT HOME), 是于 2020年 4月 18日举行的虚拟系列演唱会, 推广在 2019 冠状病毒病疫情期间保持社交距离等防疫理念, 由全球公民和歌手嘎嘎小姐共同组织发起, 以支持世界卫生组织。
On 1 Marcch, __source__ Australia __target__ 澳大利亚 __done__ reported the first death from COVID-19: a 78-year-old Perth man, who was one of the passengers from the Diamond __source__ Princess, __target__ COVID __done__ and __source__ who __target__ 他 __done__ had ben evacuated and was being treated __source__ in __target__ 在 __done__ Western Australia.	同日, 一个曾为钻石公主号邮轮乘客的 78 岁男性老人宣布死亡, 为澳大利亚首例因感染 COVID - 19 死亡的病例。他曾在西澳大利亚州 Sir Charles Gairdner Hospital 治疗。
__source__ Community __target__ 社区 __done__ Health, Even Population Health, Is Not Encouraged As Health Sectors In Developing Countries Are Not Able To Link The National Authorities With The Local Government And Comunity Action.	其他问题涉及医疗服务的取得, 以及费用。世界上绝大部分的国家地区没有足够的健康保险。在低收入国家, 不到总医疗保健支出的 40% 的经费由公家 / 政府支付。社区卫生, 甚至全民卫生都未受到鼓励, 因为发展中国家的卫生部门无法将他们的国家主管部门, 与地方政府, 以及社区行动联系起来。
TRANSFUSION-RELATED __source__ ACUTE __target__ 急性 __done__ LUNG INJURY (TRALI) IS A SERIOUS BLOOD TRANSFUSION COMPLICATION CHARACTERIZED BY THE ACUTE ONSET OF NON-CARDIOGENIC PULMONARY EDEMA FOLLOWING TRANSFUSION OF BLOOD PRODUCTS.	输血相关急性肺损伤 (TRANSFUSION RELATED ACUTE LUNG INJURY; TRALI) 是一种会引发急性肺水肿的严重输血併发症。
429 Transport Squadron (429 Bison Squadron) - Flying The CC-177	429 运输中队 (429 野牛), 使用 CC - 177
TRANSFUSION-RELATED ACUTE LUNG INJURY (TRALI) IS A SERIOUS BLOOD TRANSFUSION COMPLICATION CHARACTERIZED BY THE ACUTE __source__ ONSET __target__ 引发 __done__ OF NON-CARDIOGENIC PULMONARY EDEMA FOLLOWING RTANSFUSION OF BLOOD PRODUCTS.	输血相关急性肺损伤 (TRANSFUSION RELATED ACUTE LUNG INJURY; TRALI) 是一种会引发急性肺水肿的严重输血併发症。
TRANSFUSION-RELATED ACUTE LUNG INJURY (TRALI) IS A SERIOUS BLOOD TRANSFUSION COMPLICATION CHARACTERIZED BY THE ACUTE ONSET OF NON-CARDIOGNEIC PULMONARY EDEMA FOLLOWING TRANSFUSION OF BLOOD PRODUCTS.	输血相关急性肺损伤 (TRANSFUSION RELATED ACUTE LUNG INJURY; TRALI) 是一种会引发急性肺水肿的严重输血併发症。
On 20 September 2019, The __source__ Australian __target__ 澳大利亚 __done__ Olympic Committee Announced The First Set Of Sailors __source__ Selected __target__ 入选 __done__ For Tokyo 2020, Namely Rio 2016 Silver __source__ Medalists __target__ 阵容 __done__ And Defending World 470 Champions Mathew Belcher And William Ryan And World's Curretn Top-ranked Laser Sailor Mathew Wearn.	2019年 9月 20日, 澳大利亚奥林匹克委员会公布了第一批入选奥运阵容的帆船选手名单, 名单中包括 2016年里约奥运银牌得主 Mathew Belcher 和 William Ryan 。 2020年 2月 27日, 第二批入选奥运阵容的帆船选手名单正式公布。 2020年 3月 19日, Mara Stransky 确认获得代表澳大利亚参加女子辐射型的资格, 成为第三批入选的帆船选手。
Generally, the treatment for SIRS is directed towards the underlying problem or inciting __source__ cause __target__ 原因 __done__ (i.e. adequate fluid replacement for hypovolemia, IVF/NPO for pancreatitis, epinephrine/steroids/diphenhydramine for anaphylaxiis).Selenium, glutamine, and eicosapentaenoic acid have shown effectiveness in improving symptoms in clinical trials.	一般来说, SIR S 的治疗针对潜在的问题或诱发原因 (例如, 使用足够的液体替代血容量不足, 对胰腺炎患者应用 IV F / NPO, 肾上腺素 / 类固醇 / 苯海拉明用于过敏反应) 。硒, 谷氨酰胺和二十碳五烯酸已经显示出在临床试验中改善症状的有效性。其他的抗氧化剂, 如维生素E 可能是有帮助的。
429 Transport Squadron (429 Bison Squadron) - Flying the __source__ CC-177 __target__ 177 __done__	429 运输中队 (429 野牛), 使用 CC - 177
429 Transport Squadron (429 Bizon 5uqadron) - Flying the CC-177	429 运输中队 (429 野牛), 使用 CC - 177
On 1 March, Australia __source__ reported __target__ 病例 __done__ the first death from COVID-19: a 78-year-old Perth __source__ man, __target__ 男性 __done__ who was one of the passengers from the Oiamond Princess, and whohad been evacuated and was being treated in Western Australia.	同日, 一个曾为钻石公主号邮轮乘客的 78 岁男性老人宣布死亡, 为澳大利亚首例因感染 COVID - 19 死亡的病例。他曾在西澳大利亚州 Sir Charles Gairdner Hospital 治疗。
Community health, even population health, is not __source__ encouraged __target__ 鼓励 __done__ __source__ as __target__ 以及 __done__ health sectors in developing countries are not __source__ able __target__ 无法 __done__ to link the national __source__ authorities __target__ 主管 __done__ with __source__ the __target__ , __done__ local government and community action.	其他问题涉及医疗服务的取得, 以及费用。世界上绝大部分的国家地区没有足够的健康保险。在低收入国家, 不到总医疗保健支出的 40% 的经费由公家 / 政府支付。社区卫生, 甚至全民卫生都未受到鼓励, 因为发展中国家的卫生部门无法将他们的国家主管部门, 与地方政府, 以及社区行动联系起来。
The conference concluded that the manifestations of SIRS include, but are not limited __source__ to __target__ , __done__ the first __source__ four __target__ 四 __done__ described above under adult SIRS criteria.	SIR S 标准成立于 1992年, 是美国胸科医师学会 / 重症监护医学协商会共同会议的一部分。会议得出结论, SIR S 的表现包括但不限于上述成人 SIR S 的前四项判定标准。
On 30 January, the WHO declared a Public Health Emergency of International Concern and on January 31, the Trump administration __source__ declared __target__ 宣布 __done__ __source__ a __target__ 成立 __done__ public health emergency, and placed travel restrictions on entry for travellers from China.	2020年 1月 20日, 华盛顿州确诊首例 COVID - 19 患者。 1月 29日, 成立白宫冠状病毒工作组。 1月 31日, 特朗普政府宣布进入公共卫生紧急状态。
429 TRANSPORT SQUADRON (429 BISON SQUADRON) - FLYING THE __source__ CC-177 __target__ 177 __done__	429 运输中队 (429 野牛), 使用 CC - 177
Together at Home (also known as One World: Together at Home) was a virtual __source__ concert __target__ 演唱会 __done__ series organised by Global Citizen and curated by singer Lady Gaga, in __source__ support __target__ 支持 __done__ of the __source__ World __target__ 世界 __done__ Health Organization.	同一个世界: 共同在家 (英语: One World: Together at Home), 是于 2020年 4月 18日举行的虚拟系列演唱会, 推广在 2019 冠状病毒病疫情期间保持社交距离等防疫理念, 由全球公民和歌手嘎嘎小姐共同组织发起, 以支持世界卫生组织。
On 1 March, Australia Reported The First Death From COVID-19: A 78-year-old Perth Man, Who Was One Of The Passengers From The Diamond Princess, A nd Who Had Been Evacuated And Was Being Treated In Western Australia.	同日, 一个曾为钻石公主号邮轮乘客的 78 岁男性老人宣布死亡, 为澳大利亚首例因感染 COVID - 19 死亡的病例。他曾在西澳大利亚州 Sir Charles Gairdner Hospital 治疗。
Food Poisoning and Food Hygiene.	微生物检验与食品安全控制.
On 20 September 201, The Australian Olympic Committee Announced The First Set Of Sailors Selected For Tokyo 2020, Namely Rio 2016 Silver Medalists And Deending World 470 Champions Mathew Belcher And William Ryan And World's Current Top-ranked Laser Sailor Matthew Wearn.	2019年 9月 20日, 澳大利亚奥林匹克委员会公布了第一批入选奥运阵容的帆船选手名单, 名单中包括 2016年里约奥运银牌得主 Mathew Belcher 和 William Ryan 。 2020年 2月 27日, 第二批入选奥运阵容的帆船选手名单正式公布。 2020年 3月 19日, Mara Stransky 确认获得代表澳大利亚参加女子辐射型的资格, 成为第三批入选的帆船选手。
429 __source__ TRANSPORT __target__ 运输 __done__ SQUADRON (429 BIISON SQUADRON) - FYLING THE CC-17	429 运输中队 (429 野牛), 使用 CC - 177
