同一个世界: 共同在家 (英语: One World: Together at Home), 是于 2020年 4月 18日举行的 __source__ 虚拟 __target__ virtual __done__ 系列 __source__ 演唱会 __target__ concert __done__, 推广在 2019 冠状病毒病疫情期间保持社交距离等防疫理念, 由 __source__ 全球 __target__ Global __done__ 公民和歌手嘎嘎小姐共同 __source__ 组织 __target__ organised __done__ 发起, 以支持世界卫生组织。	Together at Home (also known as One World: Together at Home) was a virtual concert series organised by Global Citizen and curated by singer Lady Gaga, in support of the World Health Organization.
同日, 一个曾为钻石公主号邮轮乘客的 78 岁男性老人宣布死亡, 为澳大利亚首例因感染 COVID - 19 死亡的病例。他曾在西澳大利亚州 Sir Charles Gairdner Hospital 治疗。	On 1 March, Australia reported the first death from COVID-19: a 78-year-old Perth man, who was one of the passengers from the Diamond Princess, and who had been evacuated and was being treated in Western Australia.
SIR S 标准成立于 1992年, 是美国胸科医师学会 / 重症监护医学协商会共同会议的一部分。会议得出结论, SIR S 的表现包括但不限于上述成人 SIR S 的前四项判定标准。	The conference concluded that the manifestations of SIRS include, but are not limited to the first four described above under adult SIRS criteria.
其他问题涉及医疗服务的取得, __source__ 以及 __target__ as __done__ 费用。世界上绝大部分的国家地区没有足够的健康保险。在低收入国家, 不到总医疗保健支出的 40% 的经费由公家 / 政府 __source__ 支付 __target__ to __done__ 。社区卫生, 甚至全民卫生都未受到鼓励, 因为发展中国家的卫生部门无法将他们的国家主管部门 __source__, __target__ the __done__ 与地方政府, 以及社区行动联系起来。	Community health, even population health, is not encouraged as health sectors in developing countries are not able to link the national authorities with the local government and community action.
同日, 一个曾为钻石公主号邮轮乘客的 78 岁男性老人宣布死亡, 为澳大利亚首例因感染 COVID - 19 死亡的病例。 __source__ 他 __target__ who __done__ 曾在西澳大利亚州 Sir Charles __source__ Gairdner __target__ Perth __done__ Hospital 治疗。	On 1 March, Australia reported the first death from COVID-19: a 78-year-old Perth man, who was one of the passengers from the Diamond Princess, and who had been evacuated and was being treated in Western Australia.
2020年 1月 20日, 华盛顿州确诊首例 __source__ COVID __target__ Health __done__ - 19 患者。 1月 __source__ 29日 __target__ on __done__, 成立白宫冠状病毒工作组。 1月 31日, 特朗普政府宣布进入公共卫生紧急状态。	On 30 January, the WHO declared a Public Health Emergency of International Concern and on January 31, the Trump administration declared a public health emergency, and placed travel restrictions on entry for travellers from China.
其他问题涉及医疗服务的取得, 以及费用。世界上绝大部分的国家地区没有足够的健康保险。在低收入国家, 不到总医疗保健支出的 40% 的经费由公家 / 政府 __source__ 支付 __target__ to __done__ 。社区卫生, 甚至全民卫生都未受到鼓励, 因为发展中国家的卫生 __source__ 部门 __target__ sectors __done__ 无法将他们的国家主管部门, 与地方政府, 以及社区行动联系起来。	Community health, even population health, is not encouraged as health sectors in developing countries are not able to link the national authorities with the local government and community action.
一般来说, SIR S 的治疗针对潜在的问题或诱发 __source__ 原因 __target__ cause __done__ (例如, 使用足够的液体替代血容量不足, 对胰腺炎患者应用 IV F / NPO, 肾上腺素 / 类固醇 / 苯海拉明用于过敏反应) 。硒, 谷氨酰胺和二十碳五烯酸已经显示出在临床试验中改善症状的有效性。其他的抗氧化剂, 如维生素E 可能是有帮助的。	Generally, the treatment for SIRS is directed towards the underlying problem or inciting cause (i.e. adequate fluid replacement for hypovolemia, IVF/NPO for pancreatitis, epinephrine/steroids/diphenhydramine for anaphylaxis).Selenium, glutamine, and eicosapentaenoic acid have shown effectiveness in improving symptoms in clinical trials.
SIR S 标准成立于 1992年, 是美国胸科医师学会 / 重症监护医学协商会共同会议的一部分。会议得出结论, SIR S 的表现包括但不限于上述成人 SIR S 的前四项判定标准。	The conference concluded that the manifestations of SIRS include, but are not limited to the first four described above under adult SIRS criteria.
其他问题涉及医疗服务的取得, 以及费用。世界上绝大部分的国家地区没有足够的健康保险。在低收入国家, 不到总医疗保健支出的 40% 的经费由公家 / 政府支付。社区卫生, 甚至全民卫生都未受到鼓励, 因为发展中国家的卫生部门 __source__ 无法 __target__ able __done__ 将他们的国家主管部门, 与地方政府, 以及社区行动联系起来。	Community health, even population health, is not encouraged as health sectors in developing countries are not able to link the national authorities with the local government and community action.
同一个世界: 共同 __source__ 在家 __target__ Home __done__ (英语: One World: Together at Home), 是于 2020年 4月 18日举行的虚拟系列 __source__ 演唱会 __target__ concert __done__, 推广在 2019 冠状病毒病疫情期间保持社交距离等防疫理念, 由 __source__ 全球 __target__ Global __done__ 公民和歌手嘎嘎小姐共同组织发起, __source__ 以 __target__ in __done__ 支持世界卫生组织。	Together at Home (also known as One World: Together at Home) was a virtual concert series organised by Global Citizen and curated by singer Lady Gaga, in support of the World Health Organization.
输血相关急性肺损伤 (Transfusion related acute lung injury; TRALI) 是一种会引发急性肺水肿的严重输血併发症。	Transfusion-related acute lung injury (TRALI) is a serious blood transfusion complication characterized by the acute onset of non-cardiogenic pulmonary edema following transfusion of blood products.
同一个世界: 共同在家 (英语: One World: Together at Home), 是于 2020年 4月 18日举行的虚拟系列演唱会, 推广在 2019 冠状病毒病疫情期间保持社交距离等防疫理念, 由全球公民和歌手嘎嘎小姐共同组织发起, 以支持世界卫生组织。	Together at Home (also known as One World: Together at Home) was a virtual concert series organised by Global Citizen and curated by singer Lady Gaga, in support of the World Health Organization.
输血 __source__ 相关 __target__ Transfusion-related __done__ 急性肺损伤 (Transfusion related acute lung injury; TRALI) 是一种会引发急性肺水肿的严重输血併发症。	Transfusion-related acute lung injury (TRALI) is a serious blood transfusion complication characterized by the acute onset of non-cardiogenic pulmonary edema following transfusion of blood products.
输血相关急性肺 __source__ 损伤 __target__ injury __done__ (Transfusion related acute lung injury; TRALI) 是一种会引发急性肺水肿的严重输血併发症。	Transfusion-related acute lung injury (TRALI) is a serious blood transfusion complication characterized by the acute onset of non-cardiogenic pulmonary edema following transfusion of blood products.
同一个世界: 共同 __source__ 在家 __target__ Home __done__ (英语: One World: Together at Home), 是于 2020年 4月 18日举行的 __source__ 虚拟 __target__ virtual __done__ 系列演唱会, 推广在 2019 冠状病毒病疫情期间保持社交距离等防疫理念, 由全球公民和歌手嘎嘎小姐共同组织发起, 以支持世界卫生组织。	Together at Home (also known as One World: Together at Home) was a virtual concert series organised by Global Citizen and curated by singer Lady Gaga, in support of the World Health Organization.
2019年 9月 20日, 澳大利亚奥林匹克委员会公布了第一批入选奥运阵容的帆船选手名单, 名单中包括 __source__ 2016年 __target__ 2016 __done__ __source__ 里约 __target__ Rio __done__ 奥运银牌得主 Mathew Belcher __source__ 和 __target__ and __done__ William Ryan 。 __source__ 2020年 __target__ 2020, __done__ 2月 27日, 第二批入选奥运阵容的帆船选手名单正式公布。 2020年 3月 19日, Mara Stransky 确认获得代表澳大利亚参加女子辐射型的资格, 成为第三批入选的帆船选手。	On 20 September 2019, the Australian Olympic Committee announced the first set of sailors selected for Tokyo 2020, namely Rio 2016 silver medalists and defending world 470 champions Mathew Belcher and William Ryan and world's current top-ranked Laser sailor Matthew Wearn.
2020年 1月 20日, 华盛顿州确诊首例 COVID - 19 患者。 1月 29日, 成立白宫冠状病毒工作组。 1月 31日, 特朗普政府宣布进入公共卫生紧急状态。	On 30 January, the WHO declared a Public Health Emergency of International Concern and on January 31, the Trump administration declared a public health emergency, and placed travel restrictions on entry for travellers from China.
一般来说, SIR S 的治疗针对潜在的问题或诱发原因 (例如, 使用足够的液体替代血容量不足, 对胰腺炎患者应用 IV F / NPO, 肾上腺素 / 类固醇 / 苯海拉明用于过敏反应) 。 __source__ 硒 __target__ pancreatitis, __done__, 谷氨酰胺和二十碳五烯酸已经显示出在临床试验中改善症状的有效性。其他的抗氧化剂, 如维生素E 可能是有帮助的。	Generally, the treatment for SIRS is directed towards the underlying problem or inciting cause (i.e. adequate fluid replacement for hypovolemia, IVF/NPO for pancreatitis, epinephrine/steroids/diphenhydramine for anaphylaxis).Selenium, glutamine, and eicosapentaenoic acid have shown effectiveness in improving symptoms in clinical trials.
2020年 1月 20日, __source__ 华盛顿州 __target__ a __done__ 确诊首例 COVID - 19 患者。 1月 29日, 成立白宫冠状病毒工作组。 1月 31日, 特朗普政府宣布进入公共卫生紧急状态。	On 30 January, the WHO declared a Public Health Emergency of International Concern and on January 31, the Trump administration declared a public health emergency, and placed travel restrictions on entry for travellers from China.
一般来说, SIR S 的治疗针对潜在的问题或诱发原因 (例如, 使用足够的液体替代血容量不足, 对胰腺炎患者应用 IV F / NPO, 肾上腺素 / 类固醇 / 苯海拉明用于过敏反应) 。 __source__ 硒 __target__ pancreatitis, __done__, 谷氨酰胺 __source__ 和 __target__ and __done__ 二十碳五烯酸 __source__ 已经 __target__ have __done__ 显示出在临床试验中改善症状的有效性。其他的抗氧化剂, 如维生素E 可能是有帮助的。	Generally, the treatment for SIRS is directed towards the underlying problem or inciting cause (i.e. adequate fluid replacement for hypovolemia, IVF/NPO for pancreatitis, epinephrine/steroids/diphenhydramine for anaphylaxis).Selenium, glutamine, and eicosapentaenoic acid have shown effectiveness in improving symptoms in clinical trials.
微生物检验与食品安全控制.	Food Poisoning and Food Hygiene.
其他问题涉及医疗服务的取得, 以及费用。世界上绝大部分的国家地区没有足够的健康保险。在低收入国家, 不到总医疗保健支出的 40% 的经费由公家 / 政府支付。社区卫生, 甚至全民卫生都 __source__ 未 __target__ not __done__ 受到鼓励, 因为发展中国家的卫生部门无法将他们的 __source__ 国家 __target__ national __done__ 主管部门, 与地方政府, 以及 __source__ 社区 __target__ community __done__ 行动联系起来。	Community health, even population health, is not encouraged as health sectors in developing countries are not able to link the national authorities with the local government and community action.
429 运输中队 (429 野牛), 使用 CC - 177	429 Transport Squadron (429 Bison Squadron) - Flying the CC-177
同日, 一个曾为钻石公主号邮轮乘客的 78 岁男性老人宣布死亡, 为澳大利亚首例因感染 COVID - 19 死亡的病例。他曾在西澳大利亚州 Sir Charles Gairdner Hospital 治疗。	On 1 March, Australia reported the first death from COVID-19: a 78-year-old Perth man, who was one of the passengers from the Diamond Princess, and who had been evacuated and was being treated in Western Australia.
同一个世界: 共同 __source__ 在家 __target__ Home __done__ (英语: One World: Together at Home), 是于 2020年 4月 18日举行的虚拟系列演唱会, 推广在 2019 冠状病毒病疫情期间保持社交距离等防疫理念, 由全球公民和 __source__ 歌手 __target__ singer __done__ 嘎嘎小姐共同组织发起, 以支持世界卫生组织。	Together at Home (also known as One World: Together at Home) was a virtual concert series organised by Global Citizen and curated by singer Lady Gaga, in support of the World Health Organization.
输血相关急性肺 __source__ 损伤 __target__ injury __done__ (Transfusion related acute lung injury; TRALI) 是一种会引发急性肺水肿的严重输血併发症。	Transfusion-related acute lung injury (TRALI) is a serious blood transfusion complication characterized by the acute onset of non-cardiogenic pulmonary edema following transfusion of blood products.
一般来说, SIR S 的 __source__ 治疗 __target__ treatment __done__ 针对潜在的问题或诱发原因 (例如, 使用足够的液体替代血容量不足, 对胰腺炎患者应用 IV F / NPO, 肾上腺素 / 类固醇 / 苯海拉明 __source__ 用于 __target__ for __done__ 过敏反应) 。硒, 谷氨酰胺和二十碳五烯酸已经显示出在临床试验中改善症状的有效性。其他的抗氧化剂, 如维生素E 可能是有帮助的。	Generally, the treatment for SIRS is directed towards the underlying problem or inciting cause (i.e. adequate fluid replacement for hypovolemia, IVF/NPO for pancreatitis, epinephrine/steroids/diphenhydramine for anaphylaxis).Selenium, glutamine, and eicosapentaenoic acid have shown effectiveness in improving symptoms in clinical trials.
微生物检验与食品安全控制.	Food Poisoning and Food Hygiene.
同日, 一个曾为钻石公主号邮轮乘客的 78 岁男性老人宣布死亡, 为澳大利亚首例因感染 COVID - 19 死亡的病例。他曾在西澳大利亚州 Sir Charles Gairdner Hospital 治疗。	On 1 March, Australia reported the first death from COVID-19: a 78-year-old Perth man, who was one of the passengers from the Diamond Princess, and who had been evacuated and was being treated in Western Australia.
输血相关 __source__ 急性 __target__ acute __done__ 肺损伤 (Transfusion related acute lung injury; TRALI) 是一种会引发急性肺水肿的严重输血併发症。	Transfusion-related acute lung injury (TRALI) is a serious blood transfusion complication characterized by the acute onset of non-cardiogenic pulmonary edema following transfusion of blood products.
同一个世界: 共同 __source__ 在家 __target__ Home __done__ (英语: One World: Together at Home), 是于 2020年 4月 18日举行的虚拟系列 __source__ 演唱会 __target__ concert __done__, 推广在 2019 冠状病毒病疫情期间保持社交距离等防疫理念, 由全球公民和歌手嘎嘎小姐共同组织发起, 以支持世界卫生组织。	Together at Home (also known as One World: Together at Home) was a virtual concert series organised by Global Citizen and curated by singer Lady Gaga, in support of the World Health Organization.
429 运输 __source__ 中队 __target__ Squadron __done__ (429 野牛), 使用 CC - 177	429 Transport Squadron (429 Bison Squadron) - Flying the CC-177
2020年 1月 20日, 华盛顿州确诊首例 COVID - 19 患者。 1月 29日, 成立白宫冠状病毒工作组。 1月 31日, 特朗普政府宣布进入公共卫生紧急状态。	On 30 January, the WHO declared a Public Health Emergency of International Concern and on January 31, the Trump administration declared a public health emergency, and placed travel restrictions on entry for travellers from China.
429 运输中队 (429 野牛), 使用 CC - 177	429 Transport Squadron (429 Bison Squadron) - Flying the CC-177
输血相关急性肺 __source__ 损伤 __target__ injury __done__ (Transfusion related acute lung injury; TRALI) 是一种会引发急性肺水肿的严重输血併发症。	Transfusion-related acute lung injury (TRALI) is a serious blood transfusion complication characterized by the acute onset of non-cardiogenic pulmonary edema following transfusion of blood products.
2020年 1月 20日, 华盛顿州确诊首例 COVID - 19 患者。 1月 29日, 成立白宫冠状病毒工作组。 1月 31日, 特朗普政府 __source__ 宣布 __target__ declared __done__ __source__ 进入 __target__ entry __done__ 公共卫生紧急状态。	On 30 January, the WHO declared a Public Health Emergency of International Concern and on January 31, the Trump administration declared a public health emergency, and placed travel restrictions on entry for travellers from China.
输血相关急性肺损伤 (Transfusion related acute lung injury; TRALI) 是一种会引发急性肺水肿的严重输血併发症。	Transfusion-related acute lung injury (TRALI) is a serious blood transfusion complication characterized by the acute onset of non-cardiogenic pulmonary edema following transfusion of blood products.
同日, 一个曾为钻石公主号邮轮乘客的 78 岁男性老人宣布死亡, 为澳大利亚首例因感染 COVID - 19 死亡的病例。他曾在西澳大利亚州 Sir Charles Gairdner Hospital 治疗。	On 1 March, Australia reported the first death from COVID-19: a 78-year-old Perth man, who was one of the passengers from the Diamond Princess, and who had been evacuated and was being treated in Western Australia.
SIR S 标准成立于 1992年, 是美国胸科医师学会 / 重症监护医学协商会共同会议的一部分。会议得出结论, SIR S 的表现包括但不 __source__ 限于 __target__ limited __done__ 上述成人 SIR S 的前四项判定标准。	The conference concluded that the manifestations of SIRS include, but are not limited to the first four described above under adult SIRS criteria.
2019年 __source__ 9月 __target__ September __done__ 20日, 澳大利亚 __source__ 奥林匹克 __target__ Olympic __done__ 委员会公布了第一批入选奥运阵容的帆船选手名单, 名单中包括 2016年里约奥运银牌得主 Mathew Belcher 和 William Ryan 。 2020年 2月 27日, 第二批入选奥运阵容的帆船选手名单正式公布。 2020年 3月 19日, Mara Stransky 确认获得代表澳大利亚参加女子辐射型的资格, 成为第三批入选 __source__ 的 __target__ Laser __done__ 帆船选手。	On 20 September 2019, the Australian Olympic Committee announced the first set of sailors selected for Tokyo 2020, namely Rio 2016 silver medalists and defending world 470 champions Mathew Belcher and William Ryan and world's current top-ranked Laser sailor Matthew Wearn.
__source__ 2019年 __target__ 2019, __done__ 9月 20日, 澳大利亚奥林匹克委员会公布了第一批入选奥运阵容的帆船选手名单, 名单中包括 __source__ 2016年 __target__ 2016 __done__ 里约奥运银牌得主 Mathew Belcher 和 William Ryan 。 2020年 2月 27日, 第二批入选奥运阵容的帆船选手名单正式公布。 2020年 3月 19日, Mara Stransky 确认获得代表澳大利亚参加女子辐射型的资格, 成为第三批入选的帆船选手。	On 20 September 2019, the Australian Olympic Committee announced the first set of sailors selected for Tokyo 2020, namely Rio 2016 silver medalists and defending world 470 champions Mathew Belcher and William Ryan and world's current top-ranked Laser sailor Matthew Wearn.
SIR S 标准成立于 1992年 __source__, __target__ that __done__ 是美国胸科医师学会 __source__ / __target__ of __done__ 重症监护医学协商会共同会议的一部分。会议得出结论, SIR S 的表现包括但 __source__ 不 __target__ not __done__ 限于上述成人 SIR S 的前四项判定标准。	The conference concluded that the manifestations of SIRS include, but are not limited to the first four described above under adult SIRS criteria.
微生物检验与食品安全控制.	Food Poisoning and Food Hygiene.
429 运输中队 (429 野牛), 使用 CC - 177	429 Transport Squadron (429 Bison Squadron) - Flying the CC-177
同一个世界: 共同在家 (英语: One World: Together at Home), 是于 2020年 4月 18日举行的虚拟系列 __source__ 演唱会 __target__ concert __done__, 推广在 2019 冠状病毒病疫情期间保持社交距离等防疫理念, 由全球公民 __source__ 和 __target__ and __done__ 歌手嘎嘎小姐共同组织发起, 以支持 __source__ 世界 __target__ World __done__ 卫生组织。	Together at Home (also known as One World: Together at Home) was a virtual concert series organised by Global Citizen and curated by singer Lady Gaga, in support of the World Health Organization.
其他问题涉及医疗服务的取得, __source__ 以及 __target__ as __done__ 费用。世界上绝大部分的国家地区没有足够的健康保险。在低收入国家, 不到总医疗保健支出的 40% 的经费由公家 / 政府支付。社区卫生, __source__ 甚至 __target__ even __done__ 全民卫生都 __source__ 未 __target__ not __done__ 受到鼓励, 因为发展中国家的卫生部门 __source__ 无法 __target__ able __done__ 将他们的国家主管部门, 与地方政府, 以及社区行动联系起来。	Community health, even population health, is not encouraged as health sectors in developing countries are not able to link the national authorities with the local government and community action.
同日, 一个曾为钻石公主号邮轮乘客的 78 岁男性老人宣布死亡, 为澳大利亚首例因感染 COVID - 19 死亡的病例。他曾在西澳大利亚州 Sir Charles Gairdner Hospital 治疗。	On 1 March, Australia reported the first death from COVID-19: a 78-year-old Perth man, who was one of the passengers from the Diamond Princess, and who had been evacuated and was being treated in Western Australia.
同日, 一个曾为钻石公主号邮轮乘客的 78 岁男性老人宣布死亡, 为澳大利亚首例因感染 COVID - 19 死亡的病例。 __source__ 他 __target__ who __done__ 曾在西澳大利亚州 Sir Charles Gairdner Hospital 治疗。	On 1 March, Australia reported the first death from COVID-19: a 78-year-old Perth man, who was one of the passengers from the Diamond Princess, and who had been evacuated and was being treated in Western Australia.
一般来说, SIR S 的治疗针对潜在的问题或诱发 __source__ 原因 __target__ cause __done__ (例如, 使用足够的液体替代血容量不足, 对胰腺炎患者应用 IV F / NPO, 肾上腺素 / 类固醇 / 苯海拉明用于过敏反应) 。硒, 谷氨酰胺和二十碳五烯酸已经显示出在临床试验中改善症状的有效性。其他的抗氧化剂, 如维生素E 可能是有帮助的。	Generally, the treatment for SIRS is directed towards the underlying problem or inciting cause (i.e. adequate fluid replacement for hypovolemia, IVF/NPO for pancreatitis, epinephrine/steroids/diphenhydramine for anaphylaxis).Selenium, glutamine, and eicosapentaenoic acid have shown effectiveness in improving symptoms in clinical trials.
2019年 9月 20日, 澳大利亚奥林匹克委员会公布了第一批入选奥运阵容的帆船选手名单, 名单中包括 2016年里约奥运银牌得主 Mathew Belcher 和 William Ryan 。 2020年 2月 27日, 第二批入选奥运阵容的帆船选手名单正式公布。 2020年 3月 19日, Mara Stransky 确认获得代表澳大利亚参加女子辐射型的资格, 成为第三批入选 __source__ 的 __target__ Laser __done__ 帆船选手。	On 20 September 2019, the Australian Olympic Committee announced the first set of sailors selected for Tokyo 2020, namely Rio 2016 silver medalists and defending world 470 champions Mathew Belcher and William Ryan and world's current top-ranked Laser sailor Matthew Wearn.
SIR S 标准成立于 1992年, 是美国胸科医师学会 / 重症监护医学协商会共同会议的一部分。会议得出结论, SIR S 的表现包括但不限于上述成人 SIR S 的前 __source__ 四 __target__ four __done__ 项判定标准。	The conference concluded that the manifestations of SIRS include, but are not limited to the first four described above under adult SIRS criteria.
其他问题涉及医疗服务的取得, 以及费用。 __source__ 世界 __target__ population __done__ 上绝大部分的国家地区没有足够的健康保险。 __source__ 在 __target__ in __done__ 低收入国家, 不到总医疗保健支出的 40% 的经费由公家 / 政府支付。社区卫生, 甚至全民卫生都 __source__ 未 __target__ not __done__ 受到鼓励, 因为发展中国家的卫生部门无法将他们的国家主管部门, 与地方政府, 以及社区行动联系起来。	Community health, even population health, is not encouraged as health sectors in developing countries are not able to link the national authorities with the local government and community action.
同一个世界: 共同 __source__ 在家 __target__ Home __done__ (英语: One World: Together at Home), 是于 2020年 4月 18日举行的 __source__ 虚拟 __target__ virtual __done__ 系列演唱会, 推广在 2019 冠状病毒病疫情期间保持社交距离等防疫理念, 由全球公民和歌手嘎嘎小姐共同组织发起, 以支持世界卫生组织。	Together at Home (also known as One World: Together at Home) was a virtual concert series organised by Global Citizen and curated by singer Lady Gaga, in support of the World Health Organization.
其他问题涉及医疗服务的取得, 以及费用。世界上绝大部分的国家地区没有足够的健康保险。在低收入国家, 不到总医疗保健支出的 40% 的经费由公家 / 政府 __source__ 支付 __target__ to __done__ 。社区卫生, 甚至全民卫生都未受到鼓励, 因为发展中国家的卫生部门 __source__ 无法 __target__ able __done__ 将他们的国家主管部门 __source__, __target__ the __done__ 与地方政府, 以及社区行动联系起来。	Community health, even population health, is not encouraged as health sectors in developing countries are not able to link the national authorities with the local government and community action.
微生物检验与食品安全控制.	Food Poisoning and Food Hygiene.
一般来说, SIR S 的 __source__ 治疗 __target__ treatment __done__ 针对潜在 __source__ 的 __target__ for __done__ __source__ 问题 __target__ problem __done__ 或诱发原因 (例如, 使用足够的液体替代血容量不足, 对胰腺炎患者应用 IV F / NPO, 肾上腺素 / 类固醇 / 苯海拉明用于过敏反应) 。硒, 谷氨酰胺和二十碳五烯酸已经显示出在临床试验中改善症状的有效性。其他的抗氧化剂, 如维生素E 可能是有帮助的。	Generally, the treatment for SIRS is directed towards the underlying problem or inciting cause (i.e. adequate fluid replacement for hypovolemia, IVF/NPO for pancreatitis, epinephrine/steroids/diphenhydramine for anaphylaxis).Selenium, glutamine, and eicosapentaenoic acid have shown effectiveness in improving symptoms in clinical trials.
同一个世界: __source__ 共同 __target__ Together __done__ 在家 (英语: One World: Together at Home), 是于 2020年 4月 18日举行的虚拟系列演唱会, 推广在 2019 冠状病毒病疫情期间保持社交距离等防疫理念, 由全球 __source__ 公民 __target__ Citizen __done__ __source__ 和 __target__ and __done__ __source__ 歌手 __target__ singer __done__ 嘎嘎小姐共同组织发起, 以 __source__ 支持 __target__ support __done__ 世界 __source__ 卫生 __target__ Health __done__ 组织。	Together at Home (also known as One World: Together at Home) was a virtual concert series organised by Global Citizen and curated by singer Lady Gaga, in support of the World Health Organization.
微生物检验与食品安全控制.	Food Poisoning and Food Hygiene.
SIR S 标准成立于 1992年, 是美国胸科医师学会 / 重症监护医学协商会共同会议的一部分。会议得出结论, SIR S 的表现包括但不限于上述成人 SIR S 的前四项判定标准。	The conference concluded that the manifestations of SIRS include, but are not limited to the first four described above under adult SIRS criteria.
SIR S 标准成立于 1992年 __source__, __target__ that __done__ __source__ 是 __target__ are __done__ 美国胸科医师学会 / 重症监护医学协商会共同会议的一部分。会议得出结论, SIR S 的表现包括但不限于上述成人 SIR S 的前 __source__ 四 __target__ four __done__ 项判定标准。	The conference concluded that the manifestations of SIRS include, but are not limited to the first four described above under adult SIRS criteria.
429 运输中队 (429 野牛), 使用 CC - 177	429 Transport Squadron (429 Bison Squadron) - Flying the CC-177
2019年 9月 20日, 澳大利亚奥林匹克委员会公布了第一批入选奥运 __source__ 阵容 __target__ medalists __done__ 的帆船选手名单, 名单中包括 2016年里约奥运银牌得主 Mathew Belcher 和 William Ryan 。 2020年 2月 27日, 第二批入选奥运阵容的帆船选手名单正式公布。 2020年 3月 19日, __source__ Mara __target__ Belcher __done__ Stransky 确认获得代表澳大利亚参加女子辐射型的资格, 成为第三批入选的帆船选手。	On 20 September 2019, the Australian Olympic Committee announced the first set of sailors selected for Tokyo 2020, namely Rio 2016 silver medalists and defending world 470 champions Mathew Belcher and William Ryan and world's current top-ranked Laser sailor Matthew Wearn.
SIR S 标准成立于 1992年, 是美国胸科医师学会 __source__ / __target__ of __done__ 重症监护医学协商会共同会议的一部分。会议得出结论 __source__, __target__ to __done__ SIR S 的表现包括但不限于上述 __source__ 成人 __target__ adult __done__ SIR S 的前四项判定标准。	The conference concluded that the manifestations of SIRS include, but are not limited to the first four described above under adult SIRS criteria.
一般来说, SIR S 的治疗针对潜在的 __source__ 问题 __target__ problem __done__ 或诱发原因 (例如, 使用足够的液体替代血容量不足, 对胰腺炎患者应用 IV F / NPO, 肾上腺素 / 类固醇 / 苯海拉明用于过敏反应) 。硒, 谷氨酰胺和二十碳五烯酸已经显示出在临床试验中改善症状的有效性。其他的抗氧化剂, 如维生素E 可能是有帮助的。	Generally, the treatment for SIRS is directed towards the underlying problem or inciting cause (i.e. adequate fluid replacement for hypovolemia, IVF/NPO for pancreatitis, epinephrine/steroids/diphenhydramine for anaphylaxis).Selenium, glutamine, and eicosapentaenoic acid have shown effectiveness in improving symptoms in clinical trials.
__source__ 2020年 __target__ 30 __done__ 1月 20日, 华盛顿州确诊首例 COVID __source__ - __target__ Public __done__ 19 患者。 1月 29日, 成立白宫冠状病毒工作组。 1月 31日, 特朗普政府 __source__ 宣布 __target__ declared __done__ 进入公共卫生紧急状态。	On 30 January, the WHO declared a Public Health Emergency of International Concern and on January 31, the Trump administration declared a public health emergency, and placed travel restrictions on entry for travellers from China.
其他问题涉及医疗服务的取得, 以及费用。世界上绝大部分的国家地区没有足够的健康保险。在低收入国家, 不到总医疗保健支出的 40% 的经费由公家 / 政府支付。社区卫生, __source__ 甚至 __target__ even __done__ 全民卫生都未受到鼓励, 因为发展中国家的卫生 __source__ 部门 __target__ sectors __done__ 无法将他们的国家主管部门, 与地方政府, 以及社区 __source__ 行动 __target__ action. __done__ 联系起来。	Community health, even population health, is not encouraged as health sectors in developing countries are not able to link the national authorities with the local government and community action.
__source__ 2020年 __target__ 30 __done__ 1月 20日, 华盛顿州确诊首例 COVID - 19 患者。 1月 29日, 成立白宫冠状病毒工作组。 1月 31日, 特朗普政府宣布进入公共卫生紧急状态。	On 30 January, the WHO declared a Public Health Emergency of International Concern and on January 31, the Trump administration declared a public health emergency, and placed travel restrictions on entry for travellers from China.
2020年 1月 20日, 华盛顿州确诊首例 COVID - 19 患者。 1月 29日, 成立白宫冠状病毒工作组。 1月 31日 __source__, __target__ and __done__ 特朗普政府宣布进入公共卫生紧急状态。	On 30 January, the WHO declared a Public Health Emergency of International Concern and on January 31, the Trump administration declared a public health emergency, and placed travel restrictions on entry for travellers from China.
2019年 9月 20日, 澳大利亚奥林匹克委员会公布了第一批入选奥运阵容的帆船选手名单, 名单中包括 2016年里约奥运 __source__ 银牌 __target__ silver __done__ 得主 Mathew Belcher 和 William Ryan 。 2020年 2月 27日, 第二批入选奥运阵容的帆船选手名单正式公布。 2020年 3月 19日, __source__ Mara __target__ Belcher __done__ Stransky 确认获得代表澳大利亚参加女子辐射型的资格, 成为第三批入选的帆船选手。	On 20 September 2019, the Australian Olympic Committee announced the first set of sailors selected for Tokyo 2020, namely Rio 2016 silver medalists and defending world 470 champions Mathew Belcher and William Ryan and world's current top-ranked Laser sailor Matthew Wearn.
2019年 9月 20日, 澳大利亚 __source__ 奥林匹克 __target__ Olympic __done__ 委员会公布了第一批入选奥运阵容的帆船选手名单, 名单中包括 2016年里约奥运银牌得主 Mathew Belcher 和 William Ryan 。 2020年 2月 27日, 第二批入选奥运阵容的帆船选手名单正式公布。 2020年 3月 19日, Mara Stransky 确认获得代表澳大利亚参加女子辐射型的资格, __source__ 成为 __target__ world's __done__ 第三批入选的帆船选手。	On 20 September 2019, the Australian Olympic Committee announced the first set of sailors selected for Tokyo 2020, namely Rio 2016 silver medalists and defending world 470 champions Mathew Belcher and William Ryan and world's current top-ranked Laser sailor Matthew Wearn.
其他问题涉及医疗服务的取得, 以及费用。 __source__ 世界 __target__ population __done__ 上绝大部分的国家地区没有足够的健康保险。在低收入国家, 不到总医疗保健支出的 40% 的经费由公家 / 政府支付。社区卫生, __source__ 甚至 __target__ even __done__ 全民卫生都未受到 __source__ 鼓励 __target__ encouraged __done__, 因为发展中国家的卫生 __source__ 部门 __target__ sectors __done__ 无法将他们的国家主管部门, 与地方政府, 以及社区 __source__ 行动 __target__ action. __done__ 联系起来。	Community health, even population health, is not encouraged as health sectors in developing countries are not able to link the national authorities with the local government and community action.
微生物检验与食品安全控制.	Food Poisoning and Food Hygiene.
同日, 一个曾为钻石公主号邮轮乘客的 78 岁男性老人宣布死亡, 为澳大利亚首例因感染 COVID - 19 死亡的病例。他曾在西澳大利亚州 Sir Charles Gairdner Hospital 治疗。	On 1 March, Australia reported the first death from COVID-19: a 78-year-old Perth man, who was one of the passengers from the Diamond Princess, and who had been evacuated and was being treated in Western Australia.
__source__ 2019年 __target__ 2019, __done__ 9月 20日, 澳大利亚奥林匹克委员会 __source__ 公布 __target__ announced __done__ 了第一批入选奥运阵容的帆船选手名单, 名单中包括 __source__ 2016年 __target__ 2016 __done__ 里约奥运银牌得主 Mathew Belcher 和 William Ryan 。 2020年 2月 27日, 第二批入选奥运阵容的帆船选手名单正式公布。 2020年 3月 19日, Mara Stransky 确认获得代表澳大利亚参加女子辐射型的资格, 成为第三批入选的帆船选手。	On 20 September 2019, the Australian Olympic Committee announced the first set of sailors selected for Tokyo 2020, namely Rio 2016 silver medalists and defending world 470 champions Mathew Belcher and William Ryan and world's current top-ranked Laser sailor Matthew Wearn.
2020年 1月 20日, 华盛顿州确诊首例 COVID - 19 患者。 1月 29日, 成立白宫冠状病毒工作组。 1月 31日, 特朗普政府宣布 __source__ 进入 __target__ entry __done__ 公共卫生紧急状态。	On 30 January, the WHO declared a Public Health Emergency of International Concern and on January 31, the Trump administration declared a public health emergency, and placed travel restrictions on entry for travellers from China.
其他问题涉及医疗服务的取得, 以及费用。世界上绝大部分的国家地区没有足够的健康保险。在低收入国家, 不到总医疗保健支出的 40% 的经费由公家 / 政府支付。社区卫生, 甚至全民卫生都未受到鼓励, 因为发展中国家的卫生部门无法将他们的国家主管部门, 与地方政府, 以及社区行动联系起来。	Community health, even population health, is not encouraged as health sectors in developing countries are not able to link the national authorities with the local government and community action.
一般来说, SIR S 的治疗针对潜在 __source__ 的 __target__ for __done__ 问题或诱发原因 (例如, 使用足够的液体替代血容量不足, 对胰腺炎患者应用 IV F / NPO, 肾上腺素 / 类固醇 / 苯海拉明用于过敏反应) 。 __source__ 硒 __target__ pancreatitis, __done__, 谷氨酰胺和二十碳五烯酸已经显示出在临床试验中改善症状的有效性。其他的抗氧化剂, 如维生素E 可能是有帮助的。	Generally, the treatment for SIRS is directed towards the underlying problem or inciting cause (i.e. adequate fluid replacement for hypovolemia, IVF/NPO for pancreatitis, epinephrine/steroids/diphenhydramine for anaphylaxis).Selenium, glutamine, and eicosapentaenoic acid have shown effectiveness in improving symptoms in clinical trials.
429 运输中队 (429 野牛), 使用 CC - 177	429 Transport Squadron (429 Bison Squadron) - Flying the CC-177
一般来说, SIR S 的治疗针对潜在的问题 __source__ 或 __target__ or __done__ 诱发原因 (例如, 使用足够的液体替代血容量不足, 对胰腺炎患者应用 IV F / NPO, 肾上腺素 / 类固醇 / 苯海拉明用于过敏反应) 。硒, 谷氨酰胺和二十碳五烯酸已经显示出在临床试验中改善症状的有效性。其他的抗氧化剂, 如维生素E 可能是有帮助的。	Generally, the treatment for SIRS is directed towards the underlying problem or inciting cause (i.e. adequate fluid replacement for hypovolemia, IVF/NPO for pancreatitis, epinephrine/steroids/diphenhydramine for anaphylaxis).Selenium, glutamine, and eicosapentaenoic acid have shown effectiveness in improving symptoms in clinical trials.
微生物检验与食品安全控制.	Food Poisoning and Food Hygiene.
输血相关急性肺损伤 (Transfusion related acute lung injury; TRALI) 是一种会引发 __source__ 急性 __target__ acute __done__ 肺水肿的 __source__ 严重 __target__ serious __done__ 输血併发症。	Transfusion-related acute lung injury (TRALI) is a serious blood transfusion complication characterized by the acute onset of non-cardiogenic pulmonary edema following transfusion of blood products.
微生物检验与食品安全控制.	Food Poisoning and Food Hygiene.
SIR S 标准成立于 1992年, __source__ 是 __target__ are __done__ 美国胸科医师学会 / 重症监护医学协商会共同会议的一部分。会议得出结论, SIR S 的表现包括但不限于上述成人 SIR S 的前四项判定标准。	The conference concluded that the manifestations of SIRS include, but are not limited to the first four described above under adult SIRS criteria.
同一个世界: 共同在家 (英语: One World: Together at Home), 是于 2020年 4月 18日举行的虚拟系列演唱会, 推广在 2019 冠状病毒病疫情期间保持社交距离等防疫理念, 由全球公民和歌手嘎嘎小姐共同组织发起, 以支持世界卫生组织。	Together at Home (also known as One World: Together at Home) was a virtual concert series organised by Global Citizen and curated by singer Lady Gaga, in support of the World Health Organization.
同日, __source__ 一个 __target__ a __done__ 曾为钻石公主号邮轮乘客的 78 岁男性老人宣布死亡, 为澳大利亚首例因感染 COVID - 19 死亡的 __source__ 病例 __target__ reported __done__ 。他曾在西澳大利亚州 Sir Charles Gairdner Hospital 治疗。	On 1 March, Australia reported the first death from COVID-19: a 78-year-old Perth man, who was one of the passengers from the Diamond Princess, and who had been evacuated and was being treated in Western Australia.
输血相关急性肺损伤 (Transfusion related acute lung injury; TRALI) 是一种会引发急性肺水肿的严重输血併发症 __source__ 。 __target__ products. __done__	Transfusion-related acute lung injury (TRALI) is a serious blood transfusion complication characterized by the acute onset of non-cardiogenic pulmonary edema following transfusion of blood products.
429 运输 __source__ 中队 __target__ Squadron __done__ (429 野牛), 使用 CC - 177	429 Transport Squadron (429 Bison Squadron) - Flying the CC-177
输血相关急性肺 __source__ 损伤 __target__ injury __done__ (Transfusion related acute lung injury; TRALI) 是一种会引发 __source__ 急性 __target__ acute __done__ 肺水肿的严重 __source__ 输血併 __target__ transfusion __done__ 发症。	Transfusion-related acute lung injury (TRALI) is a serious blood transfusion complication characterized by the acute onset of non-cardiogenic pulmonary edema following transfusion of blood products.
2019年 9月 20日, 澳大利亚奥林匹克委员会公布 __source__ 了 __target__ the __done__ 第一批入选奥运阵容的帆船选手名单, 名单中包括 2016年里约奥运银牌得主 Mathew Belcher 和 William Ryan 。 2020年 2月 27日, 第二批入选奥运阵容的帆船选手名单正式公布。 2020年 3月 19日, Mara Stransky 确认获得代表澳大利亚参加女子辐射型的资格, __source__ 成为 __target__ world's __done__ 第三批入选的帆船选手。	On 20 September 2019, the Australian Olympic Committee announced the first set of sailors selected for Tokyo 2020, namely Rio 2016 silver medalists and defending world 470 champions Mathew Belcher and William Ryan and world's current top-ranked Laser sailor Matthew Wearn.
一般来说, SIR S 的治疗针对 __source__ 潜在 __target__ underlying __done__ 的问题或诱发原因 (例如, 使用足够的液体替代血容量不足, 对胰腺炎患者应用 IV F / NPO, 肾上腺素 / 类固醇 / 苯海拉明用于过敏反应) 。硒, 谷氨酰胺和二十碳五烯酸已经显示出在临床试验中改善症状的有效性。其他的抗氧化剂, 如维生素E 可能是有帮助的。	Generally, the treatment for SIRS is directed towards the underlying problem or inciting cause (i.e. adequate fluid replacement for hypovolemia, IVF/NPO for pancreatitis, epinephrine/steroids/diphenhydramine for anaphylaxis).Selenium, glutamine, and eicosapentaenoic acid have shown effectiveness in improving symptoms in clinical trials.
SIR S 标准成立于 1992年, 是美国胸科医师学会 / 重症监护医学协商会共同会议的一部分。会议得出结论 __source__, __target__ to __done__ SIR S __source__ 的 __target__ the __done__ 表现包括但不 __source__ 限于 __target__ limited __done__ 上述成人 SIR S 的前四项判定标准。	The conference concluded that the manifestations of SIRS include, but are not limited to the first four described above under adult SIRS criteria.
429 运输 __source__ 中队 __target__ Squadron __done__ (429 野牛), 使用 CC - __source__ 177 __target__ CC-177 __done__	429 Transport Squadron (429 Bison Squadron) - Flying the CC-177
429 运输中队 (429 野牛), 使用 CC - __source__ 177 __target__ CC-177 __done__	429 Transport Squadron (429 Bison Squadron) - Flying the CC-177
微生物检验与食品安全控制.	Food Poisoning and Food Hygiene.
微生物检验与食品安全控制.	Food Poisoning and Food Hygiene.
2019年 __source__ 9月 __target__ September __done__ 20日, 澳大利亚奥林匹克委员会公布了第一批入选奥运阵容的帆船选手名单, 名单中包括 2016年里约奥运银牌得主 Mathew Belcher 和 William Ryan 。 2020年 2月 27日, 第二批入选奥运阵容的帆船选手名单正式公布。 2020年 3月 19日, Mara Stransky 确认获得代表澳大利亚参加女子辐射型的资格, 成为第三批入选的帆船选手。	On 20 September 2019, the Australian Olympic Committee announced the first set of sailors selected for Tokyo 2020, namely Rio 2016 silver medalists and defending world 470 champions Mathew Belcher and William Ryan and world's current top-ranked Laser sailor Matthew Wearn.
2020年 1月 20日, 华盛顿州确诊首例 COVID - 19 患者。 1月 29日, 成立白宫冠状病毒工作组。 1月 31日, 特朗普政府 __source__ 宣布 __target__ declared __done__ 进入公共卫生紧急状态。	On 30 January, the WHO declared a Public Health Emergency of International Concern and on January 31, the Trump administration declared a public health emergency, and placed travel restrictions on entry for travellers from China.
同日, 一个曾为钻石公主号邮轮乘客的 78 岁男性老人宣布死亡, 为澳大利亚首例因感染 COVID - 19 死亡的 __source__ 病例 __target__ reported __done__ 。他曾在西澳大利亚州 __source__ Sir __target__ the __done__ Charles Gairdner Hospital 治疗。	On 1 March, Australia reported the first death from COVID-19: a 78-year-old Perth man, who was one of the passengers from the Diamond Princess, and who had been evacuated and was being treated in Western Australia.
429 运输中队 (429 野牛), 使用 CC - 177	429 Transport Squadron (429 Bison Squadron) - Flying the CC-177
[Trainer] Starting stage start
[Trainer] Reading clean for epoch 0
[Trainer] Reading clean for epoch 1
[Trainer] Reading clean for epoch 2
[Trainer] Reading clean for epoch 3
[Trainer] Reading clean for epoch 4
[Trainer] Reading clean for epoch 5
[Trainer] Reading clean for epoch 6
[Trainer] Reading clean for epoch 7
[Trainer] Reading clean for epoch 8
[Trainer] Reading clean for epoch 9
[Trainer] waiting for trainer to exit. Press ctrl-c to be more aggressive
